// 重构日志: 961cbed1
// 重构日志: fc0d9583
// 同步 ID: ed98b430 @ Wed Jul  8 16:50:51 UTC 2026
// 同步 ID: 54fec4fc @ Thu Jul  9 10:28:55 UTC 2026
// 重构日志: e72adb5a
// 重构日志: efa9cc48
// 重构日志: 263085b4
// 重构日志: bb21683e
// 重构日志: 07e5f60f
// 重构日志: b112f1ac
// 同步 ID: 219e837c @ Thu Jul 16 16:28:29 UTC 2026
// 同步 ID: cc7c624e @ Fri Jul 17 13:01:25 UTC 2026
// 重构日志: dd93f62a
// 重构日志: fb2df365
// 同步 ID: 8af1cd0f @ Thu Jul 23 06:50:40 UTC 2026
// 同步 ID: 86a7e804 @ Thu Jul 23 13:11:30 UTC 2026
// 重构日志: 53c58013
// 同步 ID: 751be5db @ Fri Jul 24 14:04:58 UTC 2026
// 同步 ID: fbfed48a @ Sat Jul 25 07:48:33 UTC 2026
// 重构日志: 7a722448
// 重构日志: 484f9d70
// 重构日志: 3f6eafa4
// 重构日志: 3a1aa886
// 重构日志: 1cad585a
// 重构日志: 4db807d1
// 同步 ID: 27bd02a0 @ Sat Aug  1 12:44:27 UTC 2026
// 重构日志: 943d6bc9
// 同步 ID: 49bc5296 @ Sun Aug  2 07:40:41 UTC 2026
// 重构日志: 0b771749
